// Jest Snapshot v1, https://goo.gl/fbAQLP

exports[`tasks/snapshots applyReplace object replace 1`] = `
Object {
  "text": "Hi Meinaart & Meinaart",
  "text2": "Hi Meinaart",
}
`;
